// Jest Snapshot v1, https://goo.gl/fbAQLP

exports[`DeleteHouse renders correctly 1`] = `
<div>
  Loading...
</div>
`;
